// Jest Snapshot v1, https://goo.gl/fbAQLP

exports[`<TextInput /> should match snapshot 1`] = `
<input
  placeholder="Digite o que vocÃª procura"
  type="search"
  value=""
/>
`;
